[vistlabs.com/index.html]
[backblue.gif]
[fade.gif]
[index.html]
[vistlabs.com/comments/feed/index.html]
[use.typekit.net/ogc8uwf.css]
[vistlabs.com/feed/index.html]
[vistlabs.com/wp-includes/css/dist/block-library/style.min41a3.css]
[vistlabs.com/wp-content/themes/hello-elementor/style.min8066.css]
[vistlabs.com/wp-content/themes/hello-elementor/theme.min8066.css]
[vistlabs.com/wp-content/themes/vist/style41a3.css]
[vistlabs.com/wp-content/plugins/elementor/assets/lib/eicons/css/elementor-icons.minb683.css]
[vistlabs.com/wp-content/plugins/elementor/assets/css/frontend-legacy.minccfb.css]
[vistlabs.com/wp-content/plugins/elementor/assets/css/frontend.minccfb.css]
[vistlabs.com/wp-content/uploads/elementor/css/post-64f65.css]
[vistlabs.com/wp-content/plugins/elementor/assets/lib/eicons/fonts/eicons0b93.eot]
[vistlabs.com/wp-content/plugins/elementor-pro/assets/css/frontend.min46df.css]
[vistlabs.com/wp-content/plugins/ultimate-elementor/assets/min-css/uael-frontend.mincd0f.css]
[vistlabs.com/wp-content/uploads/elementor/css/global4f65.css]
[vistlabs.com/wp-content/uploads/elementor/css/post-1132e3.css]
[vistlabs.com/wp-content/uploads/elementor/css/post-120996.css]
[vistlabs.com/wp-content/uploads/elementor/css/post-1280996.css]
[vistlabs.com/wp-content/plugins/elementor/assets/lib/font-awesome/css/fontawesome.min52d5.css]
[vistlabs.com/wp-content/plugins/elementor/assets/lib/font-awesome/css/regular.min52d5.css]
[vistlabs.com/wp-content/plugins/elementor/assets/lib/font-awesome/css/solid.min52d5.css]
[vistlabs.com/wp-content/plugins/elementor/assets/lib/font-awesome/css/brands.min52d5.css]
[vistlabs.com/wp-json/index.html]
[vistlabs.com/wp-json/wp/v2/pages/11.json]
[vistlabs.com/xmlrpc0db0.php]
[vistlabs.com/wp-includes/wlwmanifest.xml]
[vistlabs.com/wp-json/oembed/1.0/embed5a6e.json]
[vistlabs.com/wp-json/oembed/1.0/embed059d]
[vistlabs.com/wp-content/uploads/2021/08/cropped-VIST-favicon-32x32.png]
[vistlabs.com/wp-content/uploads/2021/08/cropped-VIST-favicon-192x192.png]
[vistlabs.com/wp-content/uploads/2021/08/cropped-VIST-favicon-180x180.png]
[vistlabs.com/wp-content/uploads/2021/07/Vist-Logo-White-1024x458.png]
[vistlabs.com/wp-content/uploads/2021/08/new-box.png]
[vistlabs.com/the-process/index.html]
[vistlabs.com/the-problem/index.html]
[vistlabs.com/the-process/mobile-platform/index.html]
[vistlabs.com/wp-content/uploads/2021/07/MOBILE3-1024x894.png]
[vistlabs.com/the-process/indicative-screening/index.html]
[vistlabs.com/the-process/purification/index.html]
[vistlabs.com/wp-content/uploads/2021/07/SCREENING2-1024x894.png]
[vistlabs.com/wp-content/uploads/2021/07/PURE2-1024x894.png]
[vistlabs.com/contact-us/index.html]
[vistlabs.com/the-process/amaps-packaging/index.html]
[vistlabs.com/wp-content/uploads/elementor/css/post-201cbfd.css]
[vistlabs.com/terms-of-use/index.html]
[vistlabs.com/wp-content/plugins/elementor/assets/lib/flatpickr/flatpickr.mineda1.css]
[vistlabs.com/privacy-policy/index.html]
[vistlabs.com/wp-content/plugins/elementor/assets/lib/animations/animations.minccfb.css]
[vistlabs.com/wp-includes/js/wp-embed.min41a3.js]
[vistlabs.com/wp-includes/js/jquery/jquery.minaf6c.js]
[vistlabs.com/wp-includes/js/jquery/jquery-migrate.mind617.js]
[vistlabs.com/wp-content/plugins/elementor-pro/assets/lib/smartmenus/jquery.smartmenus.minf269.js]
[www.google.com/recaptcha/api39b3.js]
[vistlabs.com/wp-content/plugins/elementor/assets/lib/flatpickr/flatpickr.mineda1.js]
[vistlabs.com/wp-content/plugins/elementor-pro/assets/js/webpack-pro.runtime.min46df.js]
[vistlabs.com/wp-content/plugins/elementor/assets/js/webpack.runtime.minccfb.js]
[vistlabs.com/wp-content/plugins/elementor/assets/js/frontend-modules.minccfb.js]
[vistlabs.com/wp-content/plugins/elementor-pro/assets/js/frontend.min46df.js]
[vistlabs.com/wp-content/plugins/elementor/assets/lib/waypoints/waypoints.min05da.js]
[vistlabs.com/wp-includes/js/jquery/ui/core.min35d0.js]
[vistlabs.com/wp-content/plugins/elementor/assets/lib/share-link/share-link.minccfb.js]
[vistlabs.com/wp-content/plugins/elementor/assets/lib/swiper/swiper.min48f5.js]
[vistlabs.com/wp-content/plugins/elementor/assets/lib/dialog/dialog.mina288.js]
[vistlabs.com/wp-content/plugins/elementor/assets/js/frontend.minccfb.js]
[vistlabs.com/wp-content/plugins/elementor-pro/assets/js/preloaded-elements-handlers.min46df.js]
[vistlabs.com/wp-content/plugins/elementor/assets/js/preloaded-modules.minccfb.js]
[vistlabs.com/index.html]
[www.googletagmanager.com/gtm5445.html]
[vistlabs.com/wp-content/plugins/elementor-pro/assets/lib/sticky/jquery.sticky.min46df.js]
[use.typekit.net/af/27914b/00000000000000007735b3f9/30/le196]
[use.typekit.net/af/27914b/00000000000000007735b3f9/30/de196]
[use.typekit.net/ogc8uwf.css]
[vistlabs.com/wp-includes/css/dist/block-library/style.min41a3.css]
[vistlabs.com/wp-content/themes/hello-elementor/style.min8066.css]
[vistlabs.com/wp-content/themes/hello-elementor/theme.min8066.css]
[vistlabs.com/wp-content/themes/vist/style41a3.css]
[use.typekit.net/af/27914b/00000000000000007735b3f9/30/ae196]
[vistlabs.com/wp-content/plugins/elementor/assets/lib/eicons/fonts/eicons02d6.eot]
[vistlabs.com/wp-content/plugins/elementor/assets/lib/eicons/fonts/eicons02d6.woff2]
[vistlabs.com/wp-content/plugins/elementor/assets/lib/eicons/fonts/eicons02d6.woff]
[vistlabs.com/wp-content/plugins/elementor/assets/lib/eicons/css/elementor-icons.minb683.css]
[vistlabs.com/wp-content/plugins/elementor/assets/css/frontend-legacy.minccfb.css]
[vistlabs.com/wp-content/plugins/elementor/assets/css/frontend.minccfb.css]
[vistlabs.com/wp-content/uploads/elementor/css/post-64f65.css]
[vistlabs.com/wp-content/plugins/elementor-pro/assets/css/frontend.min46df.css]
[vistlabs.com/wp-content/plugins/elementor/assets/lib/eicons/fonts/eicons02d6.svg]
[vistlabs.com/wp-content/plugins/ultimate-elementor/assets/images/shade.42.delayed]
[vistlabs.com/wp-content/plugins/ultimate-elementor/assets/min-css/uael-frontend.mincd0f.css]
[vistlabs.com/wp-content/uploads/elementor/css/global4f65.css]
[vistlabs.com/wp-content/uploads/2021/07/lake-v.png]
[vistlabs.com/wp-content/uploads/2021/07/nicemountains.jpg]
[vistlabs.com/wp-content/uploads/2021/07/2021-07-27-22.14.29.jpg]
[vistlabs.com/wp-content/uploads/2021/07/2018-01-01-00.00.00_1.jpg]
[vistlabs.com/wp-content/uploads/2021/07/newvistsign2.jpg]
[vistlabs.com/wp-content/uploads/2021/07/elise-zimmerman-NKyXshltqLo-unsplash-1.jpg]
[vistlabs.com/wp-content/uploads/elementor/css/post-1132e3.css]
[vistlabs.com/wp-content/uploads/elementor/css/post-120996.css]
[vistlabs.com/wp-content/uploads/elementor/css/post-1280996.css]
[vistlabs.com/wp-content/plugins/elementor/assets/lib/font-awesome/css/fontawesome.min52d5.css]
[vistlabs.com/wp-content/plugins/elementor/assets/lib/font-awesome/webfonts/fa-regular-400d41d.eot]
[vistlabs.com/wp-content/plugins/elementor/assets/lib/font-awesome/webfonts/fa-regular-400.woff2]
[vistlabs.com/wp-content/plugins/elementor/assets/lib/font-awesome/webfonts/fa-regular-400.woff]
[vistlabs.com/wp-content/plugins/elementor/assets/lib/font-awesome/webfonts/fa-regular-400.ttf]
[vistlabs.com/wp-content/plugins/elementor/assets/lib/font-awesome/css/regular.min52d5.css]
[vistlabs.com/wp-content/plugins/elementor/assets/lib/font-awesome/webfonts/fa-regular-400.svg]
[vistlabs.com/wp-content/plugins/elementor/assets/lib/font-awesome/webfonts/fa-solid-900.eot]
[vistlabs.com/wp-content/plugins/elementor/assets/lib/font-awesome/webfonts/fa-solid-900d41d.eot]
[vistlabs.com/wp-content/plugins/elementor/assets/lib/font-awesome/webfonts/fa-solid-900.woff2]
[vistlabs.com/wp-content/plugins/elementor/assets/lib/font-awesome/webfonts/fa-solid-900.woff]
[vistlabs.com/wp-content/plugins/elementor/assets/lib/font-awesome/webfonts/fa-solid-900.ttf]
[vistlabs.com/wp-content/plugins/elementor/assets/lib/font-awesome/css/solid.min52d5.css]
[vistlabs.com/wp-content/plugins/elementor/assets/lib/font-awesome/webfonts/fa-solid-900.svg]
[vistlabs.com/wp-content/plugins/elementor/assets/lib/font-awesome/webfonts/fa-brands-400.eot]
[vistlabs.com/wp-content/plugins/elementor/assets/lib/font-awesome/webfonts/fa-brands-400d41d.eot]
[vistlabs.com/wp-content/plugins/elementor/assets/lib/font-awesome/webfonts/fa-brands-400.woff2]
[vistlabs.com/wp-content/plugins/elementor/assets/lib/font-awesome/webfonts/fa-brands-400.woff]
[vistlabs.com/wp-content/plugins/elementor/assets/lib/font-awesome/webfonts/fa-brands-400.ttf]
[vistlabs.com/wp-content/plugins/elementor/assets/lib/font-awesome/css/brands.min52d5.css]
[vistlabs.com/wp-content/uploads/elementor/css/post-1690dbf.css]
[vistlabs.com/wp-content/plugins/elementor/assets/lib/font-awesome/webfonts/fa-brands-400.svg]
[vistlabs.com/wp-json/wp/v2/pages/169.json]
[vistlabs.com/wp-json/oembed/1.0/embed4981.json]
[vistlabs.com/wp-json/oembed/1.0/embed92f9]
[vistlabs.com/wp-content/uploads/2021/08/smoker.jpg]
[vistlabs.com/wp-content/uploads/2021/07/peoplesmoking.jpg]
[vistlabs.com/wp-content/uploads/2021/07/before.png]
[vistlabs.com/wp-content/uploads/2021/07/post.png]
[vistlabs.com/wp-content/uploads/2021/07/thought-catalog-UoXLndT32Hg-unsplash-1024x683.jpg]
[vistlabs.com/wp-content/uploads/2021/07/esteban-lopez-cQtAjvP6hUQ-unsplash.jpg]
[vistlabs.com/wp-content/uploads/2021/07/david-gabric-KdC5agsz6ik-unsplash-1.jpg]
[vistlabs.com/the-problem/index.html]
[vistlabs.com/wp-content/plugins/make-column-clickable-elementor/assets/js/make-column-clickablee7f0.js]
[vistlabs.com/wp-content/uploads/elementor/css/post-1297477.css]
[vistlabs.com/wp-json/wp/v2/pages/129.json]
[vistlabs.com/wp-json/oembed/1.0/embed72cd.json]
[vistlabs.com/wp-json/oembed/1.0/embed6545]
[vistlabs.com/wp-content/uploads/2021/08/smoking4.jpg]
[vistlabs.com/the-process/index.html]
[vistlabs.com/wp-content/uploads/elementor/css/post-1485dfd.css]
[vistlabs.com/wp-json/wp/v2/pages/148.json]
[vistlabs.com/wp-json/oembed/1.0/embedb6f8.json]
[vistlabs.com/the-process/mobile-platform/index.html]
[vistlabs.com/wp-json/oembed/1.0/embed4294]
[vistlabs.com/indicative-screening/index.html]
[vistlabs.com/mobile-platform/index.html]
[vistlabs.com/purification/index.html]
[vistlabs.com/amaps-packaging/index.html]
[vistlabs.com/wp-content/uploads/elementor/css/post-23398ce.css]
[vistlabs.com/wp-json/wp/v2/pages/233.json]
[vistlabs.com/wp-json/oembed/1.0/embedc8f8.json]
[vistlabs.com/the-process/indicative-screening/index.html]
[vistlabs.com/wp-json/oembed/1.0/embed5381]
[vistlabs.com/wp-content/uploads/elementor/css/post-23419e3.css]
[vistlabs.com/wp-json/wp/v2/pages/234.json]
[vistlabs.com/wp-json/oembed/1.0/embedbeb5.json]
[vistlabs.com/the-process/purification/index.html]
[vistlabs.com/wp-json/oembed/1.0/embed368a]
[vistlabs.com/wp-content/uploads/elementor/css/post-23535b6.css]
[vistlabs.com/wp-json/wp/v2/pages/235.json]
[vistlabs.com/wp-json/oembed/1.0/embedbfca.json]
[vistlabs.com/the-process/amaps-packaging/index.html]
[vistlabs.com/wp-json/oembed/1.0/embed7c65]
[vistlabs.com/wp-content/uploads/elementor/css/post-187b066.css]
[vistlabs.com/team/index.html]
[vistlabs.com/wp-json/wp/v2/pages/187.json]
[vistlabs.com/wp-json/oembed/1.0/embed00e1.json]
[vistlabs.com/contact-us/index.html]
[vistlabs.com/wp-json/oembed/1.0/embed4e62]
[vistlabs.com/wp-content/uploads/2021/07/PACKAING2-1024x894.png]
[vistlabs.com/wp-json/wp/v2/pages/291.json]
[vistlabs.com/wp-json/oembed/1.0/embedaa53.json]
[vistlabs.com/terms-of-use/index.html]
[vistlabs.com/wp-json/oembed/1.0/embedf371]
[vistlabs.com/wp-json/wp/v2/pages/289.json]
[vistlabs.com/wp-json/oembed/1.0/embed74ce.json]
[vistlabs.com/wp-json/oembed/1.0/embed7860]
[vistlabs.com/cdn-cgi/l/email-protection.html]
[vistlabs.com/privacy-policy/index.html]
[vistlabs.com/wp-content/uploads/elementor/css/post-201cbfd.css]
[vistlabs.com/wp-content/plugins/elementor/assets/lib/flatpickr/flatpickr.mineda1.css]
[vistlabs.com/wp-content/plugins/elementor/assets/lib/animations/animations.minccfb.css]
[p.typekit.net/p1010.css]
[vistlabs.com/cdn-cgi/scripts/5c5dd728/cloudflare-static/email-decode.min.js]
[vistlabs.com/wp-content/plugins/elementor/assets/lib/eicons/fonts/eicons02d6.svg]
[vistlabs.com/wp-content/plugins/ultimate-elementor/assets/images/shade.html]
[vistlabs.com/wp-content/plugins/elementor/assets/lib/eicons/fonts/eicons02d6.woff]
[vistlabs.com/wp-content/uploads/2021/07/lake-v.png]
[vistlabs.com/wp-content/plugins/elementor/assets/lib/eicons/fonts/eicons02d6.ttf]
[vistlabs.com/wp-content/uploads/2021/07/2021-07-29-00.19.30-scaled.jpg]
[vistlabs.com/wp-content/uploads/2021/07/2021-07-27-22.14.29.jpg]
[vistlabs.com/wp-content/uploads/2021/07/elise-zimmerman-NKyXshltqLo-unsplash-1.jpg]
[vistlabs.com/wp-content/plugins/elementor/assets/lib/font-awesome/webfonts/fa-regular-400.svg]
[vistlabs.com/wp-content/plugins/elementor/assets/lib/font-awesome/webfonts/fa-regular-400.eot]
[vistlabs.com/wp-content/plugins/elementor/assets/lib/font-awesome/webfonts/fa-solid-900.svg]
[vistlabs.com/wp-content/plugins/elementor/assets/lib/font-awesome/webfonts/fa-brands-400.svg]
[vistlabs.com/wp-content/uploads/2021/07/sergei-akulich-ZNkvxIPPVeE-unsplash-1.jpg]
[vistlabs.com/wp-content/uploads/2021/07/paul-gilmore-Wb0zZAZk-qc-unsplash-1.jpg]
[vistlabs.com/wp-content/uploads/elementor/css/post-1690dbf.css]
[vistlabs.com/indexff23.html]
[vistlabs.com/wp-content/uploads/elementor/css/post-1297477.css]
[vistlabs.com/index1c00.html]
[vistlabs.com/wp-content/uploads/elementor/css/post-1485dfd.css]
[vistlabs.com/indexa36b.html]
[vistlabs.com/mobile-platform/index.html]
[vistlabs.com/indicative-screening/index.html]
[vistlabs.com/purification/index.html]
[vistlabs.com/amaps-packaging/index.html]
[vistlabs.com/wp-content/uploads/2021/07/petri-dish.jpg]
[vistlabs.com/wp-content/uploads/elementor/css/post-23398ce.css]
[vistlabs.com/index85b0.html]
[vistlabs.com/wp-content/uploads/elementor/css/post-23419e3.css]
[vistlabs.com/index6cd9.html]
[vistlabs.com/wp-content/uploads/elementor/css/post-23535b6.css]
[vistlabs.com/index5f0f.html]
[vistlabs.com/wp-content/uploads/elementor/css/post-214c4f0.css]
[vistlabs.com/wp-json/wp/v2/pages/214.json]
[vistlabs.com/wp-json/oembed/1.0/embedc7e0.json]
[vistlabs.com/wp-json/oembed/1.0/embedcac7]
[vistlabs.com/wp-content/uploads/2021/07/jim.png]
[vistlabs.com/wp-content/uploads/2021/07/christian.png]
[vistlabs.com/wp-content/uploads/2021/07/roman.png]
[vistlabs.com/wp-content/uploads/2021/07/john.png]
[vistlabs.com/wp-content/uploads/2021/07/rick.png]
[vistlabs.com/team/index.html]
[vistlabs.com/wp-content/uploads/elementor/css/post-187b066.css]
[vistlabs.com/indexc885.html]
[vistlabs.com/index820e.html]
[vistlabs.com/index8902.html]
[vistlabs.com/cdn-cgi/l/email-protection.html]
[vistlabs.com/wp-content/uploads/2021/07/team-banner.jpg]
[vistlabs.com/wp-content/uploads/2021/07/path2.jpg]
[vistlabs.com/wp-content/uploads/elementor/css/post-214c4f0.css]
[vistlabs.com/indexba1b.html]
